Archive member included to satisfy reference by file (symbol)

d:/graduation_project/programs/ide/stm32cubeide_1.10.1/stm32cubeide/plugins/com.st.stm32cube.ide.mcu.externaltools.gnu-tools-for-stm32.10.3-2021.10.win32_1.0.0.202111181127/tools/bin/../lib/gcc/arm-none-eabi/10.3.1/../../../../arm-none-eabi/lib/thumb/v7-m/nofp\libc_nano.a(lib_a-errno.o)
                              ./Src/syscalls.o (__errno)
d:/graduation_project/programs/ide/stm32cubeide_1.10.1/stm32cubeide/plugins/com.st.stm32cube.ide.mcu.externaltools.gnu-tools-for-stm32.10.3-2021.10.win32_1.0.0.202111181127/tools/bin/../lib/gcc/arm-none-eabi/10.3.1/../../../../arm-none-eabi/lib/thumb/v7-m/nofp\libc_nano.a(lib_a-exit.o)
                              d:/graduation_project/programs/ide/stm32cubeide_1.10.1/stm32cubeide/plugins/com.st.stm32cube.ide.mcu.externaltools.gnu-tools-for-stm32.10.3-2021.10.win32_1.0.0.202111181127/tools/bin/../lib/gcc/arm-none-eabi/10.3.1/../../../../arm-none-eabi/lib/thumb/v7-m/nofp/crt0.o (exit)
d:/graduation_project/programs/ide/stm32cubeide_1.10.1/stm32cubeide/plugins/com.st.stm32cube.ide.mcu.externaltools.gnu-tools-for-stm32.10.3-2021.10.win32_1.0.0.202111181127/tools/bin/../lib/gcc/arm-none-eabi/10.3.1/../../../../arm-none-eabi/lib/thumb/v7-m/nofp\libc_nano.a(lib_a-impure.o)
                              d:/graduation_project/programs/ide/stm32cubeide_1.10.1/stm32cubeide/plugins/com.st.stm32cube.ide.mcu.externaltools.gnu-tools-for-stm32.10.3-2021.10.win32_1.0.0.202111181127/tools/bin/../lib/gcc/arm-none-eabi/10.3.1/../../../../arm-none-eabi/lib/thumb/v7-m/nofp\libc_nano.a(lib_a-exit.o) (_global_impure_ptr)
d:/graduation_project/programs/ide/stm32cubeide_1.10.1/stm32cubeide/plugins/com.st.stm32cube.ide.mcu.externaltools.gnu-tools-for-stm32.10.3-2021.10.win32_1.0.0.202111181127/tools/bin/../lib/gcc/arm-none-eabi/10.3.1/../../../../arm-none-eabi/lib/thumb/v7-m/nofp\libc_nano.a(lib_a-init.o)
                              d:/graduation_project/programs/ide/stm32cubeide_1.10.1/stm32cubeide/plugins/com.st.stm32cube.ide.mcu.externaltools.gnu-tools-for-stm32.10.3-2021.10.win32_1.0.0.202111181127/tools/bin/../lib/gcc/arm-none-eabi/10.3.1/../../../../arm-none-eabi/lib/thumb/v7-m/nofp/crt0.o (__libc_init_array)
d:/graduation_project/programs/ide/stm32cubeide_1.10.1/stm32cubeide/plugins/com.st.stm32cube.ide.mcu.externaltools.gnu-tools-for-stm32.10.3-2021.10.win32_1.0.0.202111181127/tools/bin/../lib/gcc/arm-none-eabi/10.3.1/../../../../arm-none-eabi/lib/thumb/v7-m/nofp\libc_nano.a(lib_a-memset.o)
                              d:/graduation_project/programs/ide/stm32cubeide_1.10.1/stm32cubeide/plugins/com.st.stm32cube.ide.mcu.externaltools.gnu-tools-for-stm32.10.3-2021.10.win32_1.0.0.202111181127/tools/bin/../lib/gcc/arm-none-eabi/10.3.1/../../../../arm-none-eabi/lib/thumb/v7-m/nofp/crt0.o (memset)
d:/graduation_project/programs/ide/stm32cubeide_1.10.1/stm32cubeide/plugins/com.st.stm32cube.ide.mcu.externaltools.gnu-tools-for-stm32.10.3-2021.10.win32_1.0.0.202111181127/tools/bin/../lib/gcc/arm-none-eabi/10.3.1/../../../../arm-none-eabi/lib/thumb/v7-m/nofp\libm.a(lib_a-w_sqrt.o)
                              ./Src/MPU6050_program.o (sqrt)
d:/graduation_project/programs/ide/stm32cubeide_1.10.1/stm32cubeide/plugins/com.st.stm32cube.ide.mcu.externaltools.gnu-tools-for-stm32.10.3-2021.10.win32_1.0.0.202111181127/tools/bin/../lib/gcc/arm-none-eabi/10.3.1/../../../../arm-none-eabi/lib/thumb/v7-m/nofp\libm.a(lib_a-e_sqrt.o)
                              d:/graduation_project/programs/ide/stm32cubeide_1.10.1/stm32cubeide/plugins/com.st.stm32cube.ide.mcu.externaltools.gnu-tools-for-stm32.10.3-2021.10.win32_1.0.0.202111181127/tools/bin/../lib/gcc/arm-none-eabi/10.3.1/../../../../arm-none-eabi/lib/thumb/v7-m/nofp\libm.a(lib_a-w_sqrt.o) (__ieee754_sqrt)
d:/graduation_project/programs/ide/stm32cubeide_1.10.1/stm32cubeide/plugins/com.st.stm32cube.ide.mcu.externaltools.gnu-tools-for-stm32.10.3-2021.10.win32_1.0.0.202111181127/tools/bin/../lib/gcc/arm-none-eabi/10.3.1/thumb/v7-m/nofp\libgcc.a(_arm_muldf3.o)
                              ./Src/MPU6050_program.o (__aeabi_dmul)
d:/graduation_project/programs/ide/stm32cubeide_1.10.1/stm32cubeide/plugins/com.st.stm32cube.ide.mcu.externaltools.gnu-tools-for-stm32.10.3-2021.10.win32_1.0.0.202111181127/tools/bin/../lib/gcc/arm-none-eabi/10.3.1/thumb/v7-m/nofp\libgcc.a(_arm_addsubdf3.o)
                              ./Src/MPU6050_program.o (__aeabi_dsub)
d:/graduation_project/programs/ide/stm32cubeide_1.10.1/stm32cubeide/plugins/com.st.stm32cube.ide.mcu.externaltools.gnu-tools-for-stm32.10.3-2021.10.win32_1.0.0.202111181127/tools/bin/../lib/gcc/arm-none-eabi/10.3.1/thumb/v7-m/nofp\libgcc.a(_arm_muldivdf3.o)
                              ./Src/MPU6050_program.o (__aeabi_ddiv)
[...]
Memory Configuration

Name             Origin             Length             Attributes
RAM              0x0000000020000000 0x0000000000002800 xrw
FLASH            0x0000000008000000 0x0000000000008000 xr
*default*        0x0000000000000000 0xffffffffffffffff

Linker script and memory map

LOAD d:/graduation_project/programs/ide/stm32cubeide_1.10.1/stm32cubeide/plugins/com.st.stm32cube.ide.mcu.externaltools.gnu-tools-for-stm32.10.3-2021.10.win32_1.0.0.202111181127/tools/bin/../lib/gcc/arm-none-eabi/10.3.1/thumb/v7-m/nofp/crti.o
LOAD d:/graduation_project/programs/ide/stm32cubeide_1.10.1/stm32cubeide/plugins/com.st.stm32cube.ide.mcu.externaltools.gnu-tools-for-stm32.10.3-2021.10.win32_1.0.0.202111181127/tools/bin/../lib/gcc/arm-none-eabi/10.3.1/thumb/v7-m/nofp/crtbegin.o
LOAD d:/graduation_project/programs/ide/stm32cubeide_1.10.1/stm32cubeide/plugins/com.st.stm32cube.ide.mcu.externaltools.gnu-tools-for-stm32.10.3-2021.10.win32_1.0.0.202111181127/tools/bin/../lib/gcc/arm-none-eabi/10.3.1/../../../../arm-none-eabi/lib/thumb/v7-m/nofp/crt0.o
LOAD ./Src/AFIO_program.o
LOAD ./Src/EXTI_program.o
LOAD ./Src/GPIO_program.o
LOAD ./Src/I2C_program.o
LOAD ./Src/MPU6050_program.o
LOAD ./Src/NVIC_program.o
LOAD ./Src/RCC_program.o
LOAD ./Src/SPI_Program.o
LOAD ./Src/SYSTICK_program.o
LOAD ./Src/UART_program.o
LOAD ./Src/ULTRA_program.o
LOAD ./Src/main.o
LOAD ./Src/nRF_programe.o
LOAD ./Src/syscalls.o
LOAD ./Src/sysmem.o
LOAD ./Startup/startup_stm32f103c6tx.o
START GROUP
LOAD d:/graduation_project/programs/ide/stm32cubeide_1.10.1/stm32cubeide/plugins/com.st.stm32cube.ide.mcu.externaltools.gnu-tools-for-stm32.10.3-2021.10.win32_1.0.0.202111181127/tools/bin/../lib/gcc/arm-none-eabi/10.3.1/../../../../arm-none-eabi/lib/thumb/v7-m/nofp\libc_nano.a
LOAD d:/graduation_project/programs/ide/stm32cubeide_1.10.1/stm32cubeide/plugins/com.st.stm32cube.ide.mcu.externaltools.gnu-tools-for-stm32.10.3-2021.10.win32_1.0.0.202111181127/tools/bin/../lib/gcc/arm-none-eabi/10.3.1/../../../../arm-none-eabi/lib/thumb/v7-m/nofp\libm.a
END GROUP
START GROUP
LOAD d:/graduation_project/programs/ide/stm32cubeide_1.10.1/stm32cubeide/plugins/com.st.stm32cube.ide.mcu.externaltools.gnu-tools-for-stm32.10.3-2021.10.win32_1.0.0.202111181127/tools/bin/../lib/gcc/arm-none-eabi/10.3.1/thumb/v7-m/nofp\libgcc.a
LOAD d:/graduation_project/programs/ide/stm32cubeide_1.10.1/stm32cubeide/plugins/com.st.stm32cube.ide.mcu.externaltools.gnu-tools-for-stm32.10.3-2021.10.win32_1.0.0.202111181127/tools/bin/../lib/gcc/arm-none-eabi/10.3.1/../../../../arm-none-eabi/lib/thumb/v7-m/nofp\libc_nano.a
END GROUP
START GROUP
LOAD d:/graduation_project/programs/ide/stm32cubeide_1.10.1/stm32cubeide/plugins/com.st.stm32cube.ide.mcu.externaltools.gnu-tools-for-stm32.10.3-2021.10.win32_1.0.0.202111181127/tools/bin/../lib/gcc/arm-none-eabi/10.3.1/thumb/v7-m/nofp\libgcc.a
LOAD d:/graduation_project/programs/ide/stm32cubeide_1.10.1/stm32cubeide/plugins/com.st.stm32cube.ide.mcu.externaltools.gnu-tools-for-stm32.10.3-2021.10.win32_1.0.0.202111181127/tools/bin/../lib/gcc/arm-none-eabi/10.3.1/../../../../arm-none-eabi/lib/thumb/v7-m/nofp\libc_nano.a
LOAD d:/graduation_project/programs/ide/stm32cubeide_1.10.1/stm32cubeide/plugins/com.st.stm32cube.ide.mcu.externaltools.gnu-tools-for-stm32.10.3-2021.10.win32_1.0.0.202111181127/tools/bin/../lib/gcc/arm-none-eabi/10.3.1/../../../../arm-none-eabi/lib/thumb/v7-m/nofp\libnosys.a
END GROUP
START GROUP
LOAD d:/graduation_project/programs/ide/stm32cubeide_1.10.1/stm32cubeide/plugins/com.st.stm32cube.ide.mcu.externaltools.gnu-tools-for-stm32.10.3-2021.10.win32_1.0.0.202111181127/tools/bin/../lib/gcc/arm-none-eabi/10.3.1/thumb/v7-m/nofp\libgcc.a
LOAD d:/graduation_project/programs/ide/stm32cubeide_1.10.1/stm32cubeide/plugins/com.st.stm32cube.ide.mcu.externaltools.gnu-tools-for-stm32.10.3-2021.10.win32_1.0.0.202111181127/tools/bin/../lib/gcc/arm-none-eabi/10.3.1/../../../../arm-none-eabi/lib/thumb/v7-m/nofp\libc_nano.a
LOAD d:/graduation_project/programs/ide/stm32cubeide_1.10.1/stm32cubeide/plugins/com.st.stm32cube.ide.mcu.externaltools.gnu-tools-for-stm32.10.3-2021.10.win32_1.0.0.202111181127/tools/bin/../lib/gcc/arm-none-eabi/10.3.1/../../../../arm-none-eabi/lib/thumb/v7-m/nofp\libnosys.a
END GROUP
LOAD d:/graduation_project/programs/ide/stm32cubeide_1.10.1/stm32cubeide/plugins/com.st.stm32cube.ide.mcu.externaltools.gnu-tools-for-stm32.10.3-2021.10.win32_1.0.0.202111181127/tools/bin/../lib/gcc/arm-none-eabi/10.3.1/thumb/v7-m/nofp/crtend.o
LOAD d:/graduation_project/programs/ide/stm32cubeide_1.10.1/stm32cubeide/plugins/com.st.stm32cube.ide.mcu.externaltools.gnu-tools-for-stm32.10.3-2021.10.win32_1.0.0.202111181127/tools/bin/../lib/gcc/arm-none-eabi/10.3.1/thumb/v7-m/nofp/crtn.o
                0x0000000020002800                _estack = (ORIGIN (RAM) + LENGTH (RAM))
                0x0000000000000200                _Min_Heap_Size = 0x200
                0x0000000000000400                _Min_Stack_Size = 0x400

.isr_vector     0x0000000008000000      0x130
                0x0000000008000000                . = ALIGN (0x4)
 *(.isr_vector)
 .isr_vector    0x0000000008000000      0x130 ./Startup/startup_stm32f103c6tx.o
                0x0000000008000000                g_pfnVectors
                0x0000000008000130                . = ALIGN (0x4)

.text           0x0000000008000130     0x1eac
                0x0000000008000130                . = ALIGN (0x4)
 *(.text)
 .text          0x0000000008000130       0x40 d:/graduation_project/programs/ide/stm32cubeide_1.10.1/stm32cubeide/plugins/com.st.stm32cube.ide.mcu.externaltools.gnu-tools-for-stm32.10.3-2021.10.win32_1.0.0.202111181127/tools/bin/../lib/gcc/arm-none-eabi/10.3.1/thumb/v7-m/nofp/crtbegin.o
 .text          0x0000000008000170      0x378 d:/graduation_project/programs/ide/stm32cubeide_1.10.1/stm32cubeide/plugins/com.st.stm32cube.ide.mcu.externaltools.gnu-tools-for-stm32.10.3-2021.10.win32_1.0.0.202111181127/tools/bin/../lib/gcc/arm-none-eabi/10.3.1/thumb/v7-m/nofp\libgcc.a(_arm_addsubdf3.o)
                0x0000000008000170                __aeabi_drsub
                0x0000000008000178                __aeabi_dsub
                0x0000000008000178                __subdf3
                0x000000000800017c                __aeabi_dadd
                0x000000000800017c                __adddf3
                0x00000000080003f4                __floatunsidf
                0x00000000080003f4                __aeabi_ui2d
                0x0000000008000414                __floatsidf
                0x0000000008000414                __aeabi_i2d
                0x0000000008000438                __aeabi_f2d
                0x0000000008000438                __extendsfdf2
                0x000000000800047c                __floatundidf
                0x000000000800047c                __aeabi_ul2d
                0x000000000800048c                __floatdidf
                0x000000000800048c                __aeabi_l2d
 .text          0x00000000080004e8      0x424 d:/graduation_project/programs/ide/stm32cubeide_1.10.1/stm32cubeide/plugins/com.st.stm32cube.ide.mcu.externaltools.gnu-tools-for-stm32.10.3-2021.10.win32_1.0.0.202111181127/tools/bin/../lib/gcc/arm-none-eabi/10.3.1/thumb/v7-m/nofp\libgcc.a(_arm_muldivdf3.o)
                0x00000000080004e8                __aeabi_dmul
                0x00000000080004e8                __muldf3
                0x000000000800073c                __divdf3
                0x000000000800073c                __aeabi_ddiv
 .text          0x000000000800090c      0x110 d:/graduation_project/programs/ide/stm32cubeide_1.10.1/stm32cubeide/plugins/com.st.stm32cube.ide.mcu.externaltools.gnu-tools-for-stm32.10.3-2021.10.win32_1.0.0.202111181127/tools/bin/../lib/gcc/arm-none-eabi/10.3.1/thumb/v7-m/nofp\libgcc.a(_arm_cmpdf2.o)
                0x000000000800090c                __gtdf2
                0x000000000800090c                __gedf2
                0x0000000008000914                __ltdf2
                0x0000000008000914                __ledf2
                0x000000000800091c                __nedf2
                0x000000000800091c                __eqdf2
                0x000000000800091c                __cmpdf2
                0x0000000008000998                __aeabi_cdrcmple
                0x00000000080009a8                __aeabi_cdcmpeq
                0x00000000080009a8                __aeabi_cdcmple
                0x00000000080009b8                __aeabi_dcmpeq
                0x00000000080009cc                __aeabi_dcmplt
                0x00000000080009e0                __aeabi_dcmple
                0x00000000080009f4                __aeabi_dcmpge
                0x0000000008000a08                __aeabi_dcmpgt
 .text          0x0000000008000a1c       0x2c d:/graduation_project/programs/ide/stm32cubeide_1.10.1/stm32cubeide/plugins/com.st.stm32cube.ide.mcu.externaltools.gnu-tools-for-stm32.10.3-2021.10.win32_1.0.0.202111181127/tools/bin/../lib/gcc/arm-none-eabi/10.3.1/thumb/v7-m/nofp\libgcc.a(_arm_unorddf2.o)
                0x0000000008000a1c                __unorddf2
                0x0000000008000a1c                __aeabi_dcmpun
 *(.text*)
 .text.EXTI0_IRQHandler
                0x0000000008000a48       0x2c ./Src/EXTI_program.o
                0x0000000008000a48                EXTI0_IRQHandler
 .text.EXTI1_IRQHandler
                0x0000000008000a74       0x2c ./Src/EXTI_program.o
                0x0000000008000a74                EXTI1_IRQHandler
 .text.EXTI2_IRQHandler
                0x0000000008000aa0       0x2c ./Src/EXTI_program.o
                0x0000000008000aa0                EXTI2_IRQHandler
 .text.EXTI3_IRQHandler
                0x0000000008000acc       0x2c ./Src/EXTI_program.o
                0x0000000008000acc                EXTI3_IRQHandler
 .text.EXTI4_IRQHandler
                0x0000000008000af8       0x2c ./Src/EXTI_program.o
                0x0000000008000af8                EXTI4_IRQHandler
 .text.EXTI9_5_IRQHandler
                0x0000000008000b24       0x5c ./Src/EXTI_program.o
                0x0000000008000b24                EXTI9_5_IRQHandler
 .text.EXTI15_10_IRQHandler
                0x0000000008000b80       0x68 ./Src/EXTI_program.o
                0x0000000008000b80                EXTI15_10_IRQHandler
 .text.GPIO_vSetPinMode
                0x0000000008000be8      0x18c ./Src/GPIO_program.o
                0x0000000008000be8                GPIO_vSetPinMode
 .text.GPIO_vSetPinConfig
                0x0000000008000d74      0x26c ./Src/GPIO_program.o
                0x0000000008000d74                GPIO_vSetPinConfig
 .text.GPIO_u8GetPinValue
                0x0000000008000fe0       0x7c ./Src/GPIO_program.o
                0x0000000008000fe0                GPIO_u8GetPinValue
 .text.I2C_vInit
                0x000000000800105c       0x98 ./Src/I2C_program.o
                0x000000000800105c                I2C_vInit
 .text.I2C_vStartCond
                0x00000000080010f4       0x5c ./Src/I2C_program.o
                0x00000000080010f4                I2C_vStartCond
 .text.I2C_vWriteAddress
                0x0000000008001150       0x88 ./Src/I2C_program.o
                0x0000000008001150                I2C_vWriteAddress
 .text.I2C_vWriteData
                0x00000000080011d8       0x88 ./Src/I2C_program.o
                0x00000000080011d8                I2C_vWriteData
 .text.I2C_vStopCond
                0x0000000008001260       0x2c ./Src/I2C_program.o
                0x0000000008001260                I2C_vStopCond
 .text.I2C_u8ReceiveData
                0x000000000800128c       0x64 ./Src/I2C_program.o
                0x000000000800128c                I2C_u8ReceiveData
 .text.MPU6050_vInit
                0x00000000080012f0       0xa4 ./Src/MPU6050_program.o
                0x00000000080012f0                MPU6050_vInit
 .text.MPU6050_vReadRegisterValue
                0x0000000008001394       0x3e ./Src/MPU6050_program.o
                0x0000000008001394                MPU6050_vReadRegisterValue
 .text.MPU6050_vReadAccel_X
                0x00000000080013d2       0x2e ./Src/MPU6050_program.o
                0x00000000080013d2                MPU6050_vReadAccel_X
 .text.MPU6050_vReadAccel_Y
                0x0000000008001400       0x2e ./Src/MPU6050_program.o
                0x0000000008001400                MPU6050_vReadAccel_Y
 .text.MPU6050_vReadAccel_Z
                0x000000000800142e       0x2e ./Src/MPU6050_program.o
                0x000000000800142e                MPU6050_vReadAccel_Z
 .text.MPU6050_vReadAccel_ALL
                0x000000000800145c       0x80 ./Src/MPU6050_program.o
                0x000000000800145c                MPU6050_vReadAccel_ALL
 *fill*         0x00000000080014dc        0x4 
 .text.MPU6050_vDetectChange
                0x00000000080014e0      0x214 ./Src/MPU6050_program.o
                0x00000000080014e0                MPU6050_vDetectChange
 .text.RCC_u8InitSysClk
                0x00000000080016f4       0x44 ./Src/RCC_program.o
                0x00000000080016f4                RCC_u8InitSysClk
 .text.RCC_u8EnablePeripheralClk
                0x0000000008001738       0x7c ./Src/RCC_program.o
                0x0000000008001738                RCC_u8EnablePeripheralClk
 .text.SPI1_IRQHandler
                0x00000000080017b4       0x38 ./Src/SPI_Program.o
                0x00000000080017b4                SPI1_IRQHandler
 .text.SYSTICK_vSetBusyWait
                0x00000000080017ec       0x50 ./Src/SYSTICK_program.o
                0x00000000080017ec                SYSTICK_vSetBusyWait
 .text.SYSTICK_u32GetElapsedTime
                0x000000000800183c       0x28 ./Src/SYSTICK_program.o
                0x000000000800183c                SYSTICK_u32GetElapsedTime
 .text.SysTick_Handler
                0x0000000008001864       0x5c ./Src/SYSTICK_program.o
                0x0000000008001864                SysTick_Handler
 .text._delay_ms
                0x00000000080018c0       0x20 ./Src/SYSTICK_program.o
                0x00000000080018c0                _delay_ms
 .text.UART_vInit
                0x00000000080018e0       0xec ./Src/UART_program.o
                0x00000000080018e0                UART_vInit
 .text.UART_vSendData
                0x00000000080019cc       0x74 ./Src/UART_program.o
                0x00000000080019cc                UART_vSendData
 .text.USART1_IRQHandler
                0x0000000008001a40       0x24 ./Src/UART_program.o
                0x0000000008001a40                USART1_IRQHandler
 .text.USART2_IRQHandler
                0x0000000008001a64       0x24 ./Src/UART_program.o
                0x0000000008001a64                USART2_IRQHandler
 .text.ULTRA_vSendTrigger
                0x0000000008001a88       0x70 ./Src/ULTRA_program.o
 .text.ULTRA_vInit
                0x0000000008001af8       0x50 ./Src/ULTRA_program.o
                0x0000000008001af8                ULTRA_vInit
 .text.ULTRA_u16GetDistance
                0x0000000008001b48       0xcc ./Src/ULTRA_program.o
                0x0000000008001b48                ULTRA_u16GetDistance
 *fill*         0x0000000008001c14        0x4 
 .text.main     0x0000000008001c18      0x15c ./Src/main.o
                0x0000000008001c18                main
 .text.Reset_Handler
                0x0000000008001d74       0x50 ./Startup/startup_stm32f103c6tx.o
                0x0000000008001d74                Reset_Handler
 .text.Default_Handler
                0x0000000008001dc4        0x2 ./Startup/startup_stm32f103c6tx.o
                0x0000000008001dc4                TIM8_TRG_COM_IRQHandler
                0x0000000008001dc4                TIM8_CC_IRQHandler
                0x0000000008001dc4                DebugMon_Handler
                0x0000000008001dc4                TIM1_CC_IRQHandler
                0x0000000008001dc4                HardFault_Handler
                0x0000000008001dc4                TIM6_IRQHandler
                0x0000000008001dc4                PVD_IRQHandler
                0x0000000008001dc4                SDIO_IRQHandler
                0x0000000008001dc4                PendSV_Handler
                0x0000000008001dc4                NMI_Handler
                0x0000000008001dc4                USB_HP_CAN_TX_IRQHandler
                0x0000000008001dc4                I2C2_EV_IRQHandler
                0x0000000008001dc4                UsageFault_Handler
                0x0000000008001dc4                ADC1_2_IRQHandler
                0x0000000008001dc4                CAN_SCE_IRQHandler
                0x0000000008001dc4                TAMPER_IRQHandler
                0x0000000008001dc4                TIM8_UP_IRQHandler
                0x0000000008001dc4                DMA2_Channel2_IRQHandler
                0x0000000008001dc4                DMA1_Channel4_IRQHandler
                0x0000000008001dc4                USART3_IRQHandler
                0x0000000008001dc4                RTC_IRQHandler
                0x0000000008001dc4                DMA1_Channel7_IRQHandler
                0x0000000008001dc4                UART5_IRQHandler
                0x0000000008001dc4                ADC3_IRQHandler
                0x0000000008001dc4                TIM4_IRQHandler
                0x0000000008001dc4                CAN_RX1_IRQHandler
                0x0000000008001dc4                DMA2_Channel1_IRQHandler
                0x0000000008001dc4                I2C1_EV_IRQHandler
                0x0000000008001dc4                DMA1_Channel6_IRQHandler
                0x0000000008001dc4                UART4_IRQHandler
                0x0000000008001dc4                TIM3_IRQHandler
                0x0000000008001dc4                RCC_IRQHandler
                0x0000000008001dc4                TIM1_TRG_COM_IRQHandler
                0x0000000008001dc4                DMA1_Channel1_IRQHandler
                0x0000000008001dc4                Default_Handler
                0x0000000008001dc4                TIM7_IRQHandler
                0x0000000008001dc4                TIM5_IRQHandler
                0x0000000008001dc4                SPI2_IRQHandler
                0x0000000008001dc4                USB_LP_CAN_RX0_IRQHandler
                0x0000000008001dc4                MemManage_Handler
                0x0000000008001dc4                SVC_Handler
                0x0000000008001dc4                DMA1_Channel5_IRQHandler
                0x0000000008001dc4                DMA1_Channel3_IRQHandler
                0x0000000008001dc4                FSMC_IRQHandler
                0x0000000008001dc4                TIM1_UP_IRQHandler
                0x0000000008001dc4                WWDG_IRQHandler
                0x0000000008001dc4                TIM2_IRQHandler
                0x0000000008001dc4                TIM1_BRK_IRQHandler
                0x0000000008001dc4                RTCAlarm_IRQHandler
                0x0000000008001dc4                DMA2_Channel4_5_IRQHandler
                0x0000000008001dc4                I2C2_ER_IRQHandler
                0x0000000008001dc4                DMA1_Channel2_IRQHandler
                0x0000000008001dc4                TIM8_BRK_IRQHandler
                0x0000000008001dc4                FLASH_IRQHandler
                0x0000000008001dc4                BusFault_Handler
                0x0000000008001dc4                SPI3_IRQHandler
                0x0000000008001dc4                I2C1_ER_IRQHandler
                0x0000000008001dc4                DMA2_Channel3_IRQHandler
 *fill*         0x0000000008001dc6        0x2 
 .text.__errno  0x0000000008001dc8        0xc d:/graduation_project/programs/ide/stm32cubeide_1.10.1/stm32cubeide/plugins/com.st.stm32cube.ide.mcu.externaltools.gnu-tools-for-stm32.10.3-2021.10.win32_1.0.0.202111181127/tools/bin/../lib/gcc/arm-none-eabi/10.3.1/../../../../arm-none-eabi/lib/thumb/v7-m/nofp\libc_nano.a(lib_a-errno.o)
                0x0000000008001dc8                __errno
 .text.__libc_init_array
                0x0000000008001dd4       0x48 d:/graduation_project/programs/ide/stm32cubeide_1.10.1/stm32cubeide/plugins/com.st.stm32cube.ide.mcu.externaltools.gnu-tools-for-stm32.10.3-2021.10.win32_1.0.0.202111181127/tools/bin/../lib/gcc/arm-none-eabi/10.3.1/../../../../arm-none-eabi/lib/thumb/v7-m/nofp\libc_nano.a(lib_a-init.o)
                0x0000000008001dd4                __libc_init_array
 .text.sqrt     0x0000000008001e1c       0x48 d:/graduation_project/programs/ide/stm32cubeide_1.10.1/stm32cubeide/plugins/com.st.stm32cube.ide.mcu.externaltools.gnu-tools-for-stm32.10.3-2021.10.win32_1.0.0.202111181127/tools/bin/../lib/gcc/arm-none-eabi/10.3.1/../../../../arm-none-eabi/lib/thumb/v7-m/nofp\libm.a(lib_a-w_sqrt.o)
                0x0000000008001e1c                sqrt
 .text.__ieee754_sqrt
                0x0000000008001e64      0x160 d:/graduation_project/programs/ide/stm32cubeide_1.10.1/stm32cubeide/plugins/com.st.stm32cube.ide.mcu.externaltools.gnu-tools-for-stm32.10.3-2021.10.win32_1.0.0.202111181127/tools/bin/../lib/gcc/arm-none-eabi/10.3.1/../../../../arm-none-eabi/lib/thumb/v7-m/nofp\libm.a(lib_a-e_sqrt.o)
                0x0000000008001e64                __ieee754_sqrt
 *(.glue_7)
 .glue_7        0x0000000008001fc4        0x0 linker stubs
 *(.glue_7t)
 .glue_7t       0x0000000008001fc4        0x0 linker stubs
 *(.eh_frame)
 .eh_frame      0x0000000008001fc4        0x0 d:/graduation_project/programs/ide/stm32cubeide_1.10.1/stm32cubeide/plugins/com.st.stm32cube.ide.mcu.externaltools.gnu-tools-for-stm32.10.3-2021.10.win32_1.0.0.202111181127/tools/bin/../lib/gcc/arm-none-eabi/10.3.1/thumb/v7-m/nofp/crtbegin.o
 *(.init)
 .init          0x0000000008001fc4        0x4 d:/graduation_project/programs/ide/stm32cubeide_1.10.1/stm32cubeide/plugins/com.st.stm32cube.ide.mcu.externaltools.gnu-tools-for-stm32.10.3-2021.10.win32_1.0.0.202111181127/tools/bin/../lib/gcc/arm-none-eabi/10.3.1/thumb/v7-m/nofp/crti.o
                0x0000000008001fc4                _init
 .init          0x0000000008001fc8        0x8 d:/graduation_project/programs/ide/stm32cubeide_1.10.1/stm32cubeide/plugins/com.st.stm32cube.ide.mcu.externaltools.gnu-tools-for-stm32.10.3-2021.10.win32_1.0.0.202111181127/tools/bin/../lib/gcc/arm-none-eabi/10.3.1/thumb/v7-m/nofp/crtn.o
 *(.fini)
 .fini          0x0000000008001fd0        0x4 d:/graduation_project/programs/ide/stm32cubeide_1.10.1/stm32cubeide/plugins/com.st.stm32cube.ide.mcu.externaltools.gnu-tools-for-stm32.10.3-2021.10.win32_1.0.0.202111181127/tools/bin/../lib/gcc/arm-none-eabi/10.3.1/thumb/v7-m/nofp/crti.o
                0x0000000008001fd0                _fini
 .fini          0x0000000008001fd4        0x8 d:/graduation_project/programs/ide/stm32cubeide_1.10.1/stm32cubeide/plugins/com.st.stm32cube.ide.mcu.externaltools.gnu-tools-for-stm32.10.3-2021.10.win32_1.0.0.202111181127/tools/bin/../lib/gcc/arm-none-eabi/10.3.1/thumb/v7-m/nofp/crtn.o
                0x0000000008001fdc                . = ALIGN (0x4)
                0x0000000008001fdc                _etext = .

.vfp11_veneer   0x0000000008001fdc        0x0
 .vfp11_veneer  0x0000000008001fdc        0x0 linker stubs

.v4_bx          0x0000000008001fdc        0x0
 .v4_bx         0x0000000008001fdc        0x0 linker stubs

.iplt           0x0000000008001fdc        0x0
 .iplt          0x0000000008001fdc        0x0 d:/graduation_project/programs/ide/stm32cubeide_1.10.1/stm32cubeide/plugins/com.st.stm32cube.ide.mcu.externaltools.gnu-tools-for-stm32.10.3-2021.10.win32_1.0.0.202111181127/tools/bin/../lib/gcc/arm-none-eabi/10.3.1/thumb/v7-m/nofp/crtbegin.o

.rel.dyn        0x0000000008001fdc        0x0
 .rel.iplt      0x0000000008001fdc        0x0 d:/graduation_project/programs/ide/stm32cubeide_1.10.1/stm32cubeide/plugins/com.st.stm32cube.ide.mcu.externaltools.gnu-tools-for-stm32.10.3-2021.10.win32_1.0.0.202111181127/tools/bin/../lib/gcc/arm-none-eabi/10.3.1/thumb/v7-m/nofp/crtbegin.o

.rodata         0x0000000008001fdc        0x0
                0x0000000008001fdc                . = ALIGN (0x4)
 *(.rodata)
 *(.rodata*)
                0x0000000008001fdc                . = ALIGN (0x4)

.ARM.extab      0x0000000008001fdc        0x0
                0x0000000008001fdc                . = ALIGN (0x4)
 *(.ARM.extab* .gnu.linkonce.armextab.*)
                0x0000000008001fdc                . = ALIGN (0x4)

.ARM            0x0000000008001fdc        0x0
                0x0000000008001fdc                . = ALIGN (0x4)
                0x0000000008001fdc                __exidx_start = .
 *(.ARM.exidx*)
                0x0000000008001fdc                __exidx_end = .
                0x0000000008001fdc                . = ALIGN (0x4)

.preinit_array  0x0000000008001fdc        0x0
                0x0000000008001fdc                . = ALIGN (0x4)
                0x0000000008001fdc                PROVIDE (__preinit_array_start = .)
 *(.preinit_array*)
                0x0000000008001fdc                PROVIDE (__preinit_array_end = .)
                0x0000000008001fdc                . = ALIGN (0x4)

.init_array     0x0000000008001fdc        0x4
                0x0000000008001fdc                . = ALIGN (0x4)
                0x0000000008001fdc                PROVIDE (__init_array_start = .)
 *(SORT_BY_NAME(.init_array.*))
 *(.init_array*)
 .init_array    0x0000000008001fdc        0x4 d:/graduation_project/programs/ide/stm32cubeide_1.10.1/stm32cubeide/plugins/com.st.stm32cube.ide.mcu.externaltools.gnu-tools-for-stm32.10.3-2021.10.win32_1.0.0.202111181127/tools/bin/../lib/gcc/arm-none-eabi/10.3.1/thumb/v7-m/nofp/crtbegin.o
                0x0000000008001fe0                PROVIDE (__init_array_end = .)
                0x0000000008001fe0                . = ALIGN (0x4)

.fini_array     0x0000000008001fe0        0x4
                0x0000000008001fe0                . = ALIGN (0x4)
                [!provide]                        PROVIDE (__fini_array_start = .)
 *(SORT_BY_NAME(.fini_array.*))
 *(.fini_array*)
 .fini_array    0x0000000008001fe0        0x4 d:/graduation_project/programs/ide/stm32cubeide_1.10.1/stm32cubeide/plugins/com.st.stm32cube.ide.mcu.externaltools.gnu-tools-for-stm32.10.3-2021.10.win32_1.0.0.202111181127/tools/bin/../lib/gcc/arm-none-eabi/10.3.1/thumb/v7-m/nofp/crtbegin.o
                [!provide]                        PROVIDE (__fini_array_end = .)
                0x0000000008001fe4                . = ALIGN (0x4)
                0x0000000008001fe4                _sidata = LOADADDR (.data)

.data           0x0000000020000000       0x64 load address 0x0000000008001fe4
                0x0000000020000000                . = ALIGN (0x4)
                0x0000000020000000                _sdata = .
 *(.data)
 *(.data*)
 .data._impure_ptr
                0x0000000020000000        0x4 d:/graduation_project/programs/ide/stm32cubeide_1.10.1/stm32cubeide/plugins/com.st.stm32cube.ide.mcu.externaltools.gnu-tools-for-stm32.10.3-2021.10.win32_1.0.0.202111181127/tools/bin/../lib/gcc/arm-none-eabi/10.3.1/../../../../arm-none-eabi/lib/thumb/v7-m/nofp\libc_nano.a(lib_a-impure.o)
                0x0000000020000000                _impure_ptr
 .data.impure_data
                0x0000000020000004       0x60 d:/graduation_project/programs/ide/stm32cubeide_1.10.1/stm32cubeide/plugins/com.st.stm32cube.ide.mcu.externaltools.gnu-tools-for-stm32.10.3-2021.10.win32_1.0.0.202111181127/tools/bin/../lib/gcc/arm-none-eabi/10.3.1/../../../../arm-none-eabi/lib/thumb/v7-m/nofp\libc_nano.a(lib_a-impure.o)
 *(.RamFunc)
 *(.RamFunc*)
                0x0000000020000064                . = ALIGN (0x4)
                0x0000000020000064                _edata = .

.igot.plt       0x0000000020000064        0x0 load address 0x0000000008002048
 .igot.plt      0x0000000020000064        0x0 d:/graduation_project/programs/ide/stm32cubeide_1.10.1/stm32cubeide/plugins/com.st.stm32cube.ide.mcu.externaltools.gnu-tools-for-stm32.10.3-2021.10.win32_1.0.0.202111181127/tools/bin/../lib/gcc/arm-none-eabi/10.3.1/thumb/v7-m/nofp/crtbegin.o
                0x0000000020000064                . = ALIGN (0x4)

.bss            0x0000000020000064       0x4c load address 0x0000000008002048
                0x0000000020000064                _sbss = .
                0x0000000020000064                __bss_start__ = _sbss
 *(.bss)
 .bss           0x0000000020000064       0x1c d:/graduation_project/programs/ide/stm32cubeide_1.10.1/stm32cubeide/plugins/com.st.stm32cube.ide.mcu.externaltools.gnu-tools-for-stm32.10.3-2021.10.win32_1.0.0.202111181127/tools/bin/../lib/gcc/arm-none-eabi/10.3.1/thumb/v7-m/nofp/crtbegin.o
 *(.bss*)
 .bss.EXTI_EXTI0Function
                0x0000000020000080        0x4 ./Src/EXTI_program.o
                0x0000000020000080                EXTI_EXTI0Function
 .bss.EXTI_EXTI1Function
                0x0000000020000084        0x4 ./Src/EXTI_program.o
                0x0000000020000084                EXTI_EXTI1Function
 .bss.EXTI_EXTI2Function
                0x0000000020000088        0x4 ./Src/EXTI_program.o
                0x0000000020000088                EXTI_EXTI2Function
 .bss.EXTI_EXTI3Function
                0x000000002000008c        0x4 ./Src/EXTI_program.o
                0x000000002000008c                EXTI_EXTI3Function
 .bss.EXTI_EXTI4Function
                0x0000000020000090        0x4 ./Src/EXTI_program.o
                0x0000000020000090                EXTI_EXTI4Function
 .bss.EXTI_EXTI9_5Function
                0x0000000020000094        0x4 ./Src/EXTI_program.o
                0x0000000020000094                EXTI_EXTI9_5Function
 .bss.EXTI_EXTI15_10Function
                0x0000000020000098        0x4 ./Src/EXTI_program.o
                0x0000000020000098                EXTI_EXTI15_10Function
 .bss.flag      0x000000002000009c        0x1 ./Src/MPU6050_program.o
                0x000000002000009c                flag
 .bss.global_uint8datatotransmit
                0x000000002000009d        0x1 ./Src/SPI_Program.o
 .bss.global_uint8flag
                0x000000002000009e        0x1 ./Src/SPI_Program.o
 *fill*         0x000000002000009f        0x1 
 .bss.STK_CallBack
                0x00000000200000a0        0x4 ./Src/SYSTICK_program.o
                0x00000000200000a0                STK_CallBack
 .bss.STK_Mode  0x00000000200000a4        0x4 ./Src/SYSTICK_program.o
 .bss.GP_UART_1
                0x00000000200000a8        0x4 ./Src/UART_program.o
                0x00000000200000a8                GP_UART_1
 .bss.GP_UART_2
                0x00000000200000ac        0x4 ./Src/UART_program.o
                0x00000000200000ac                GP_UART_2
 *(COMMON)
                0x00000000200000b0                . = ALIGN (0x4)
                0x00000000200000b0                _ebss = .
                0x00000000200000b0                __bss_end__ = _ebss

._user_heap_stack
                0x00000000200000b0      0x600 load address 0x0000000008002048
                0x00000000200000b0                . = ALIGN (0x8)
                [!provide]                        PROVIDE (end = .)
                0x00000000200000b0                PROVIDE (_end = .)
                0x00000000200002b0                . = (. + _Min_Heap_Size)
 *fill*         0x00000000200000b0      0x200 
                0x00000000200006b0                . = (. + _Min_Stack_Size)
 *fill*         0x00000000200002b0      0x400 
                0x00000000200006b0                . = ALIGN (0x8)

/DISCARD/
 libc.a(*)
 libm.a(*)
 libgcc.a(*)

.ARM.attributes
                0x0000000000000000       0x29
 *(.ARM.attributes)
 .ARM.attributes
                0x0000000000000000       0x1d d:/graduation_project/programs/ide/stm32cubeide_1.10.1/stm32cubeide/plugins/com.st.stm32cube.ide.mcu.externaltools.gnu-tools-for-stm32.10.3-2021.10.win32_1.0.0.202111181127/tools/bin/../lib/gcc/arm-none-eabi/10.3.1/thumb/v7-m/nofp/crti.o
 .ARM.attributes
                0x000000000000001d       0x2d d:/graduation_project/programs/ide/stm32cubeide_1.10.1/stm32cubeide/plugins/com.st.stm32cube.ide.mcu.externaltools.gnu-tools-for-stm32.10.3-2021.10.win32_1.0.0.202111181127/tools/bin/../lib/gcc/arm-none-eabi/10.3.1/thumb/v7-m/nofp/crtbegin.o
 .ARM.attributes
                0x000000000000004a       0x2d ./Src/EXTI_program.o
 .ARM.attributes
                0x0000000000000077       0x2d ./Src/GPIO_program.o
 .ARM.attributes
                0x00000000000000a4       0x2d ./Src/I2C_program.o
 .ARM.attributes
                0x00000000000000d1       0x2d ./Src/MPU6050_program.o
 .ARM.attributes
                0x00000000000000fe       0x2d ./Src/RCC_program.o
 .ARM.attributes
                0x000000000000012b       0x2d ./Src/SPI_Program.o
 .ARM.attributes
                0x0000000000000158       0x2d ./Src/SYSTICK_program.o
 .ARM.attributes
                0x0000000000000185       0x2d ./Src/UART_program.o
 .ARM.attributes
                0x00000000000001b2       0x2d ./Src/ULTRA_program.o
 .ARM.attributes
                0x00000000000001df       0x2d ./Src/main.o
 .ARM.attributes
                0x000000000000020c       0x21 ./Startup/startup_stm32f103c6tx.o
 .ARM.attributes
                0x000000000000022d       0x2d d:/graduation_project/programs/ide/stm32cubeide_1.10.1/stm32cubeide/plugins/com.st.stm32cube.ide.mcu.externaltools.gnu-tools-for-stm32.10.3-2021.10.win32_1.0.0.202111181127/tools/bin/../lib/gcc/arm-none-eabi/10.3.1/../../../../arm-none-eabi/lib/thumb/v7-m/nofp\libc_nano.a(lib_a-errno.o)
 .ARM.attributes
                0x000000000000025a       0x2d d:/graduation_project/programs/ide/stm32cubeide_1.10.1/stm32cubeide/plugins/com.st.stm32cube.ide.mcu.externaltools.gnu-tools-for-stm32.10.3-2021.10.win32_1.0.0.202111181127/tools/bin/../lib/gcc/arm-none-eabi/10.3.1/../../../../arm-none-eabi/lib/thumb/v7-m/nofp\libc_nano.a(lib_a-impure.o)
 .ARM.attributes
                0x0000000000000287       0x2d d:/graduation_project/programs/ide/stm32cubeide_1.10.1/stm32cubeide/plugins/com.st.stm32cube.ide.mcu.externaltools.gnu-tools-for-stm32.10.3-2021.10.win32_1.0.0.202111181127/tools/bin/../lib/gcc/arm-none-eabi/10.3.1/../../../../arm-none-eabi/lib/thumb/v7-m/nofp\libc_nano.a(lib_a-init.o)
 .ARM.attributes
                0x00000000000002b4       0x2d d:/graduation_project/programs/ide/stm32cubeide_1.10.1/stm32cubeide/plugins/com.st.stm32cube.ide.mcu.externaltools.gnu-tools-for-stm32.10.3-2021.10.win32_1.0.0.202111181127/tools/bin/../lib/gcc/arm-none-eabi/10.3.1/../../../../arm-none-eabi/lib/thumb/v7-m/nofp\libm.a(lib_a-w_sqrt.o)
 .ARM.attributes
                0x00000000000002e1       0x2d d:/graduation_project/programs/ide/stm32cubeide_1.10.1/stm32cubeide/plugins/com.st.stm32cube.ide.mcu.externaltools.gnu-tools-for-stm32.10.3-2021.10.win32_1.0.0.202111181127/tools/bin/../lib/gcc/arm-none-eabi/10.3.1/../../../../arm-none-eabi/lib/thumb/v7-m/nofp\libm.a(lib_a-e_sqrt.o)
 .ARM.attributes
                0x000000000000030e       0x1d d:/graduation_project/programs/ide/stm32cubeide_1.10.1/stm32cubeide/plugins/com.st.stm32cube.ide.mcu.externaltools.gnu-tools-for-stm32.10.3-2021.10.win32_1.0.0.202111181127/tools/bin/../lib/gcc/arm-none-eabi/10.3.1/thumb/v7-m/nofp\libgcc.a(_arm_addsubdf3.o)
 .ARM.attributes
                0x000000000000032b       0x1d d:/graduation_project/programs/ide/stm32cubeide_1.10.1/stm32cubeide/plugins/com.st.stm32cube.ide.mcu.externaltools.gnu-tools-for-stm32.10.3-2021.10.win32_1.0.0.202111181127/tools/bin/../lib/gcc/arm-none-eabi/10.3.1/thumb/v7-m/nofp\libgcc.a(_arm_muldivdf3.o)
 .ARM.attributes
                0x0000000000000348       0x1d d:/graduation_project/programs/ide/stm32cubeide_1.10.1/stm32cubeide/plugins/com.st.stm32cube.ide.mcu.externaltools.gnu-tools-for-stm32.10.3-2021.10.win32_1.0.0.202111181127/tools/bin/../lib/gcc/arm-none-eabi/10.3.1/thumb/v7-m/nofp\libgcc.a(_arm_cmpdf2.o)
 .ARM.attributes
                0x0000000000000365       0x1d d:/graduation_project/programs/ide/stm32cubeide_1.10.1/stm32cubeide/plugins/com.st.stm32cube.ide.mcu.externaltools.gnu-tools-for-stm32.10.3-2021.10.win32_1.0.0.202111181127/tools/bin/../lib/gcc/arm-none-eabi/10.3.1/thumb/v7-m/nofp\libgcc.a(_arm_unorddf2.o)
 .ARM.attributes
                0x0000000000000382       0x1d d:/graduation_project/programs/ide/stm32cubeide_1.10.1/stm32cubeide/plugins/com.st.stm32cube.ide.mcu.externaltools.gnu-tools-for-stm32.10.3-2021.10.win32_1.0.0.202111181127/tools/bin/../lib/gcc/arm-none-eabi/10.3.1/thumb/v7-m/nofp/crtn.o
OUTPUT(_sensors_.elf elf32-littlearm)
LOAD linker stubs
LOAD d:/graduation_project/programs/ide/stm32cubeide_1.10.1/stm32cubeide/plugins/com.st.stm32cube.ide.mcu.externaltools.gnu-tools-for-stm32.10.3-2021.10.win32_1.0.0.202111181127/tools/bin/../lib/gcc/arm-none-eabi/10.3.1/../../../../arm-none-eabi/lib/thumb/v7-m/nofp\libc.a
LOAD d:/graduation_project/programs/ide/stm32cubeide_1.10.1/stm32cubeide/plugins/com.st.stm32cube.ide.mcu.externaltools.gnu-tools-for-stm32.10.3-2021.10.win32_1.0.0.202111181127/tools/bin/../lib/gcc/arm-none-eabi/10.3.1/../../../../arm-none-eabi/lib/thumb/v7-m/nofp\libm.a
LOAD d:/graduation_project/programs/ide/stm32cubeide_1.10.1/stm32cubeide/plugins/com.st.stm32cube.ide.mcu.externaltools.gnu-tools-for-stm32.10.3-2021.10.win32_1.0.0.202111181127/tools/bin/../lib/gcc/arm-none-eabi/10.3.1/thumb/v7-m/nofp\libgcc.a

.debug_info     0x0000000000000000     0x1bac
 .debug_info    0x0000000000000000      0x2a5 ./Src/EXTI_program.o
 .debug_info    0x00000000000002a5      0x2c8 ./Src/GPIO_program.o
 .debug_info    0x000000000000056d      0x39f ./Src/I2C_program.o
 .debug_info    0x000000000000090c      0x3fc ./Src/MPU6050_program.o
 .debug_info    0x0000000000000d08      0x1a0 ./Src/RCC_program.o
 .debug_info    0x0000000000000ea8      0x21e ./Src/SPI_Program.o
 .debug_info    0x00000000000010c6      0x26a ./Src/SYSTICK_program.o
 .debug_info    0x0000000000001330      0x2ed ./Src/UART_program.o
 .debug_info    0x000000000000161d      0x35e ./Src/ULTRA_program.o
 .debug_info    0x000000000000197b      0x20f ./Src/main.o
 .debug_info    0x0000000000001b8a       0x22 ./Startup/startup_stm32f103c6tx.o

.debug_abbrev   0x0000000000000000      0xa5e
 .debug_abbrev  0x0000000000000000       0xed ./Src/EXTI_program.o
 .debug_abbrev  0x00000000000000ed      0x128 ./Src/GPIO_program.o
 .debug_abbrev  0x0000000000000215      0x134 ./Src/I2C_program.o
 .debug_abbrev  0x0000000000000349      0x126 ./Src/MPU6050_program.o
 .debug_abbrev  0x000000000000046f       0xb0 ./Src/RCC_program.o
 .debug_abbrev  0x000000000000051f       0xdb ./Src/SPI_Program.o
 .debug_abbrev  0x00000000000005fa      0x11e ./Src/SYSTICK_program.o
 .debug_abbrev  0x0000000000000718      0x13a ./Src/UART_program.o
 .debug_abbrev  0x0000000000000852      0x112 ./Src/ULTRA_program.o
 .debug_abbrev  0x0000000000000964       0xe8 ./Src/main.o
 .debug_abbrev  0x0000000000000a4c       0x12 ./Startup/startup_stm32f103c6tx.o

.debug_aranges  0x0000000000000000      0x338
 .debug_aranges
                0x0000000000000000       0x70 ./Src/EXTI_program.o
 .debug_aranges
                0x0000000000000070       0x50 ./Src/GPIO_program.o
 .debug_aranges
                0x00000000000000c0       0x50 ./Src/I2C_program.o
 .debug_aranges
                0x0000000000000110       0x70 ./Src/MPU6050_program.o
 .debug_aranges
                0x0000000000000180       0x30 ./Src/RCC_program.o
 .debug_aranges
                0x00000000000001b0       0x58 ./Src/SPI_Program.o
 .debug_aranges
                0x0000000000000208       0x60 ./Src/SYSTICK_program.o
 .debug_aranges
                0x0000000000000268       0x58 ./Src/UART_program.o
 .debug_aranges
                0x00000000000002c0       0x30 ./Src/ULTRA_program.o
 .debug_aranges
                0x00000000000002f0       0x20 ./Src/main.o
 .debug_aranges
                0x0000000000000310       0x28 ./Startup/startup_stm32f103c6tx.o

.debug_ranges   0x0000000000000000      0x290
 .debug_ranges  0x0000000000000000       0x60 ./Src/EXTI_program.o
 .debug_ranges  0x0000000000000060       0x40 ./Src/GPIO_program.o
 .debug_ranges  0x00000000000000a0       0x40 ./Src/I2C_program.o
 .debug_ranges  0x00000000000000e0       0x60 ./Src/MPU6050_program.o
 .debug_ranges  0x0000000000000140       0x20 ./Src/RCC_program.o
 .debug_ranges  0x0000000000000160       0x48 ./Src/SPI_Program.o
 .debug_ranges  0x00000000000001a8       0x50 ./Src/SYSTICK_program.o
 .debug_ranges  0x00000000000001f8       0x48 ./Src/UART_program.o
 .debug_ranges  0x0000000000000240       0x20 ./Src/ULTRA_program.o
 .debug_ranges  0x0000000000000260       0x10 ./Src/main.o
 .debug_ranges  0x0000000000000270       0x20 ./Startup/startup_stm32f103c6tx.o

.debug_macro    0x0000000000000000     0x1980
 .debug_macro   0x0000000000000000       0x35 ./Src/EXTI_program.o
 .debug_macro   0x0000000000000035       0x7c ./Src/EXTI_program.o
 .debug_macro   0x00000000000000b1       0x16 ./Src/EXTI_program.o
 .debug_macro   0x00000000000000c7       0x51 ./Src/GPIO_program.o
 .debug_macro   0x0000000000000118       0x1c ./Src/GPIO_program.o
 .debug_macro   0x0000000000000134       0x2e ./Src/GPIO_program.o
 .debug_macro   0x0000000000000162      0x184 ./Src/GPIO_program.o
 .debug_macro   0x00000000000002e6       0x2e ./Src/GPIO_program.o
 .debug_macro   0x0000000000000314       0x10 ./Src/GPIO_program.o
 .debug_macro   0x0000000000000324      0x14e ./Src/GPIO_program.o
 .debug_macro   0x0000000000000472       0x6d ./Src/I2C_program.o
 .debug_macro   0x00000000000004df       0x16 ./Src/I2C_program.o
 .debug_macro   0x00000000000004f5       0xd0 ./Src/I2C_program.o
 .debug_macro   0x00000000000005c5       0x3a ./Src/I2C_program.o
 .debug_macro   0x00000000000005ff      0x106 ./Src/MPU6050_program.o
 .debug_macro   0x0000000000000705      0x1f6 ./Src/MPU6050_program.o
 .debug_macro   0x00000000000008fb       0x10 ./Src/MPU6050_program.o
 .debug_macro   0x000000000000090b       0x22 ./Src/MPU6050_program.o
 .debug_macro   0x000000000000092d       0x4c ./Src/MPU6050_program.o
 .debug_macro   0x0000000000000979       0x18 ./Src/MPU6050_program.o
 .debug_macro   0x0000000000000991       0x94 ./Src/MPU6050_program.o
 .debug_macro   0x0000000000000a25       0x3c ./Src/MPU6050_program.o
 .debug_macro   0x0000000000000a61       0x34 ./Src/MPU6050_program.o
 .debug_macro   0x0000000000000a95      0x174 ./Src/MPU6050_program.o
 .debug_macro   0x0000000000000c09       0x16 ./Src/MPU6050_program.o
 .debug_macro   0x0000000000000c1f       0x43 ./Src/MPU6050_program.o
 .debug_macro   0x0000000000000c62       0x57 ./Src/MPU6050_program.o
 .debug_macro   0x0000000000000cb9       0x34 ./Src/MPU6050_program.o
 .debug_macro   0x0000000000000ced       0x10 ./Src/MPU6050_program.o
 .debug_macro   0x0000000000000cfd       0x58 ./Src/MPU6050_program.o
 .debug_macro   0x0000000000000d55       0x71 ./Src/MPU6050_program.o
 .debug_macro   0x0000000000000dc6       0x1c ./Src/MPU6050_program.o
 .debug_macro   0x0000000000000de2      0x12a ./Src/MPU6050_program.o
 .debug_macro   0x0000000000000f0c      0x341 ./Src/MPU6050_program.o
 .debug_macro   0x000000000000124d      0x19b ./Src/MPU6050_program.o
 .debug_macro   0x00000000000013e8       0x48 ./Src/RCC_program.o
 .debug_macro   0x0000000000001430       0x28 ./Src/RCC_program.o
 .debug_macro   0x0000000000001458       0x10 ./Src/RCC_program.o
 .debug_macro   0x0000000000001468       0x36 ./Src/SPI_Program.o
 .debug_macro   0x000000000000149e       0x16 ./Src/SPI_Program.o
 .debug_macro   0x00000000000014b4       0x3e ./Src/SYSTICK_program.o
 .debug_macro   0x00000000000014f2       0x16 ./Src/SYSTICK_program.o
 .debug_macro   0x0000000000001508       0x10 ./Src/SYSTICK_program.o
 .debug_macro   0x0000000000001518       0x6a ./Src/UART_program.o
 .debug_macro   0x0000000000001582       0x82 ./Src/UART_program.o
 .debug_macro   0x0000000000001604       0x22 ./Src/UART_program.o
 .debug_macro   0x0000000000001626      0x124 ./Src/UART_program.o
 .debug_macro   0x000000000000174a       0x75 ./Src/ULTRA_program.o
 .debug_macro   0x00000000000017bf       0x3a ./Src/ULTRA_program.o
 .debug_macro   0x00000000000017f9       0x2e ./Src/ULTRA_program.o
 .debug_macro   0x0000000000001827       0x1c ./Src/ULTRA_program.o
 .debug_macro   0x0000000000001843      0x13d ./Src/main.o

.debug_line     0x0000000000000000     0x2649
 .debug_line    0x0000000000000000      0x25a ./Src/EXTI_program.o
 .debug_line    0x000000000000025a      0x544 ./Src/GPIO_program.o
 .debug_line    0x000000000000079e      0x286 ./Src/I2C_program.o
 .debug_line    0x0000000000000a24      0x9e4 ./Src/MPU6050_program.o
 .debug_line    0x0000000000001408      0x113 ./Src/RCC_program.o
 .debug_line    0x000000000000151b      0x237 ./Src/SPI_Program.o
 .debug_line    0x0000000000001752      0x1e3 ./Src/SYSTICK_program.o
 .debug_line    0x0000000000001935      0x27a ./Src/UART_program.o
 .debug_line    0x0000000000001baf      0x1d2 ./Src/ULTRA_program.o
 .debug_line    0x0000000000001d81      0x844 ./Src/main.o
 .debug_line    0x00000000000025c5       0x84 ./Startup/startup_stm32f103c6tx.o

.debug_str      0x0000000000000000     0x9080
 .debug_str     0x0000000000000000     0x30fc ./Src/EXTI_program.o
                                       0x317a (size before relaxing)
 .debug_str     0x00000000000030fc      0x893 ./Src/GPIO_program.o
                                       0x36aa (size before relaxing)
 .debug_str     0x000000000000398f      0x47c ./Src/I2C_program.o
                                       0x3957 (size before relaxing)
 .debug_str     0x0000000000003e0b     0x436e ./Src/MPU6050_program.o
                                       0x73b1 (size before relaxing)
 .debug_str     0x0000000000008179      0x14c ./Src/RCC_program.o
                                       0x323f (size before relaxing)
 .debug_str     0x00000000000082c5      0x1a2 ./Src/SPI_Program.o
                                       0x2fb9 (size before relaxing)
 .debug_str     0x0000000000008467      0x1d3 ./Src/SYSTICK_program.o
                                       0x3090 (size before relaxing)
 .debug_str     0x000000000000863a      0x70b ./Src/UART_program.o
                                       0x3be4 (size before relaxing)
 .debug_str     0x0000000000008d45      0x2e3 ./Src/ULTRA_program.o
                                       0x39f0 (size before relaxing)
 .debug_str     0x0000000000009028       0x27 ./Src/main.o
                                       0x781a (size before relaxing)
 .debug_str     0x000000000000904f       0x31 ./Startup/startup_stm32f103c6tx.o
                                         0x5a (size before relaxing)

.comment        0x0000000000000000       0x50
 .comment       0x0000000000000000       0x50 ./Src/EXTI_program.o
                                         0x51 (size before relaxing)
 .comment       0x0000000000000050       0x51 ./Src/GPIO_program.o
 .comment       0x0000000000000050       0x51 ./Src/I2C_program.o
 .comment       0x0000000000000050       0x51 ./Src/MPU6050_program.o
 .comment       0x0000000000000050       0x51 ./Src/RCC_program.o
 .comment       0x0000000000000050       0x51 ./Src/SPI_Program.o
 .comment       0x0000000000000050       0x51 ./Src/SYSTICK_program.o
 .comment       0x0000000000000050       0x51 ./Src/UART_program.o
 .comment       0x0000000000000050       0x51 ./Src/ULTRA_program.o
 .comment       0x0000000000000050       0x51 ./Src/main.o

.debug_frame    0x0000000000000000      0xc98
 .debug_frame   0x0000000000000000      0x174 ./Src/EXTI_program.o
 .debug_frame   0x0000000000000174      0x124 ./Src/GPIO_program.o
 .debug_frame   0x0000000000000298      0x118 ./Src/I2C_program.o
 .debug_frame   0x00000000000003b0      0x198 ./Src/MPU6050_program.o
 .debug_frame   0x0000000000000548       0x80 ./Src/RCC_program.o
 .debug_frame   0x00000000000005c8      0x118 ./Src/SPI_Program.o
 .debug_frame   0x00000000000006e0      0x164 ./Src/SYSTICK_program.o
 .debug_frame   0x0000000000000844      0x128 ./Src/UART_program.o
 .debug_frame   0x000000000000096c       0x70 ./Src/ULTRA_program.o
 .debug_frame   0x00000000000009dc       0x30 ./Src/main.o
 .debug_frame   0x0000000000000a0c       0x20 d:/graduation_project/programs/ide/stm32cubeide_1.10.1/stm32cubeide/plugins/com.st.stm32cube.ide.mcu.externaltools.gnu-tools-for-stm32.10.3-2021.10.win32_1.0.0.202111181127/tools/bin/../lib/gcc/arm-none-eabi/10.3.1/../../../../arm-none-eabi/lib/thumb/v7-m/nofp\libc_nano.a(lib_a-errno.o)
 .debug_frame   0x0000000000000a2c       0x2c d:/graduation_project/programs/ide/stm32cubeide_1.10.1/stm32cubeide/plugins/com.st.stm32cube.ide.mcu.externaltools.gnu-tools-for-stm32.10.3-2021.10.win32_1.0.0.202111181127/tools/bin/../lib/gcc/arm-none-eabi/10.3.1/../../../../arm-none-eabi/lib/thumb/v7-m/nofp\libc_nano.a(lib_a-init.o)
 .debug_frame   0x0000000000000a58       0x30 d:/graduation_project/programs/ide/stm32cubeide_1.10.1/stm32cubeide/plugins/com.st.stm32cube.ide.mcu.externaltools.gnu-tools-for-stm32.10.3-2021.10.win32_1.0.0.202111181127/tools/bin/../lib/gcc/arm-none-eabi/10.3.1/../../../../arm-none-eabi/lib/thumb/v7-m/nofp\libm.a(lib_a-w_sqrt.o)
 .debug_frame   0x0000000000000a88       0x30 d:/graduation_project/programs/ide/stm32cubeide_1.10.1/stm32cubeide/plugins/com.st.stm32cube.ide.mcu.externaltools.gnu-tools-for-stm32.10.3-2021.10.win32_1.0.0.202111181127/tools/bin/../lib/gcc/arm-none-eabi/10.3.1/../../../../arm-none-eabi/lib/thumb/v7-m/nofp\libm.a(lib_a-e_sqrt.o)
 .debug_frame   0x0000000000000ab8       0xac d:/graduation_project/programs/ide/stm32cubeide_1.10.1/stm32cubeide/plugins/com.st.stm32cube.ide.mcu.externaltools.gnu-tools-for-stm32.10.3-2021.10.win32_1.0.0.202111181127/tools/bin/../lib/gcc/arm-none-eabi/10.3.1/thumb/v7-m/nofp\libgcc.a(_arm_addsubdf3.o)
 .debug_frame   0x0000000000000b64       0x50 d:/graduation_project/programs/ide/stm32cubeide_1.10.1/stm32cubeide/plugins/com.st.stm32cube.ide.mcu.externaltools.gnu-tools-for-stm32.10.3-2021.10.win32_1.0.0.202111181127/tools/bin/../lib/gcc/arm-none-eabi/10.3.1/thumb/v7-m/nofp\libgcc.a(_arm_muldivdf3.o)
 .debug_frame   0x0000000000000bb4       0xc4 d:/graduation_project/programs/ide/stm32cubeide_1.10.1/stm32cubeide/plugins/com.st.stm32cube.ide.mcu.externaltools.gnu-tools-for-stm32.10.3-2021.10.win32_1.0.0.202111181127/tools/bin/../lib/gcc/arm-none-eabi/10.3.1/thumb/v7-m/nofp\libgcc.a(_arm_cmpdf2.o)
 .debug_frame   0x0000000000000c78       0x20 d:/graduation_project/programs/ide/stm32cubeide_1.10.1/stm32cubeide/plugins/com.st.stm32cube.ide.mcu.externaltools.gnu-tools-for-stm32.10.3-2021.10.win32_1.0.0.202111181127/tools/bin/../lib/gcc/arm-none-eabi/10.3.1/thumb/v7-m/nofp\libgcc.a(_arm_unorddf2.o)
