../Src/EXTI_program.c:24:6:MEXTI_voidEnableTriggerLine	16	static
../Src/EXTI_program.c:46:6:MEXTI_voidDisableLine	16	static
../Src/EXTI_program.c:52:6:MEXTI_voidSoftWareTrigger	16	static
../Src/EXTI_program.c:57:6:MEXTI_voidCallBack	16	static
../Src/EXTI_program.c:76:6:EXTI0_IRQHandler	8	static
../Src/EXTI_program.c:88:6:EXTI1_IRQHandler	8	static
../Src/EXTI_program.c:101:6:EXTI2_IRQHandler	8	static
../Src/EXTI_program.c:114:6:EXTI3_IRQHandler	8	static
../Src/EXTI_program.c:127:6:EXTI4_IRQHandler	8	static
../Src/EXTI_program.c:140:6:EXTI9_5_IRQHandler	8	static
../Src/EXTI_program.c:157:6:EXTI15_10_IRQHandler	8	static
